<testsuites><testsuite name="Unit_Tests_Fixture" time="0.096" tests="58"><testsuite name="cRefactorFunctionLibrary_Tests" time="0.096" tests="58"><testsuite name="oExpressionTokenizer" time="0.013" tests="9"><testcase name="ExpressionTokenizer_Left_1" time="0.002" classname="oExpressionTokenizer"></testcase><testcase name="ExpressionTokenizer_Left_2" time="0.001" classname="oExpressionTokenizer"></testcase><testcase name="ExpressionTokenizer_Command_1" time="0.002" classname="oExpressionTokenizer"></testcase><testcase name="ExpressionTokenizer_To_1" time="0.002" classname="oExpressionTokenizer"></testcase><testcase name="ExpressionTokenizer_To_2" time="0.001" classname="oExpressionTokenizer"></testcase><testcase name="ExpressionTokenizer_To_Null" time="0.001" classname="oExpressionTokenizer"></testcase><testcase name="ExpressionTokenizer_Of_1" time="0.002" classname="oExpressionTokenizer"></testcase><testcase name="ExpressionTokenizer_Of_2" time="0.001" classname="oExpressionTokenizer"></testcase><testcase name="ExpressionTokenizer_SecondCommand" time="0.001" classname="oExpressionTokenizer"></testcase></testsuite><testsuite name="oRemoveOldStudioMarkers" time="0.006" tests="5"><testcase name="RemoveOldStudioMarkers_AB_IgnoreStart" time="0.001" classname="oRemoveOldStudioMarkers"></testcase><testcase name="RemoveOldStudioMarkers_AB_DDOEnd" time="0.001" classname="oRemoveOldStudioMarkers"></testcase><testcase name="RemoveOldStudioMarkers_PanelStoreTopStart" time="0.001" classname="oRemoveOldStudioMarkers"></testcase><testcase name="RemoveOldStudioMarkers_AB_Comment" time="0.001" classname="oRemoveOldStudioMarkers"></testcase><testcase name="RemoveOldStudioMarkers_IDE_FileType" time="0.001" classname="oRemoveOldStudioMarkers"></testcase></testsuite><testsuite name="ChangeUClassToRefClass_Fixture" time="0.003" tests="2"><testcase name="SimpleTest" time="0.001" classname="ChangeUClassToRefClass_Fixture"></testcase><testcase name="ManySpaces" time="0.002" classname="ChangeUClassToRefClass_Fixture"></testcase></testsuite><testsuite name="ChangeInToContains_Fixture" time="0.027" tests="10"><testcase name="IndicateIn_Test" time="0.004" classname="ChangeInToContains_Fixture"></testcase><testcase name="IfIn_Test" time="0.003" classname="ChangeInToContains_Fixture"></testcase><testcase name="UntilIn_Test" time="0.003" classname="ChangeInToContains_Fixture"></testcase><testcase name="WhileIn_Test" time="0.003" classname="ChangeInToContains_Fixture"></testcase><testcase name="ConstantStringIn_Test" time="0.002" classname="ChangeInToContains_Fixture"></testcase><testcase name="ConstantStringIn2_Test" time="0.002" classname="ChangeInToContains_Fixture"></testcase><testcase name="SingleQuoteInConstantString_Test" time="0.002" classname="ChangeInToContains_Fixture"></testcase><testcase name="DoubleQuoteInConstantString_Test" time="0.003" classname="ChangeInToContains_Fixture"></testcase><testcase name="CrLfInConstantString_Test" time="0.002" classname="ChangeInToContains_Fixture"></testcase><testcase name="CrLfInAndSet_Test" time="0.003" classname="ChangeInToContains_Fixture"></testcase></testsuite><testsuite name="WhileExpression_1" time="0.003" tests="2"><testcase name="While_Found_Expression" time="0.002" classname="WhileExpression_1"></testcase><testcase name="While_Legacy_Expression" time="0.001" classname="WhileExpression_1"></testcase></testsuite><testsuite name="GetAddress_Fixture" time="0.006" tests="4"><testcase name="GetAddress_Default_Test" time="0.002" classname="GetAddress_Fixture"></testcase><testcase name="Do_not_Change_function_test" time="0.001" classname="GetAddress_Fixture"></testcase><testcase name="Do_not_Change_function_invocation_Test" time="0.001" classname="GetAddress_Fixture"></testcase><testcase name="Do_not_Change_Address_In_A_Comment_Test" time="0.002" classname="GetAddress_Fixture"></testcase></testsuite><testsuite name="LegacyOperators_Fixture" time="0.008" tests="5"><testcase name="LegacyOperators_Default_Test" time="0.001" classname="LegacyOperators_Fixture"></testcase><testcase name="Indicator_With_Legacy_Op" time="0.002" classname="LegacyOperators_Fixture"></testcase><testcase name="If_And_Add_With_Legacy_Op" time="0.002" classname="LegacyOperators_Fixture"></testcase><testcase name="Do_Not_Change_Legacy_Op_In_Comment" time="0.002" classname="LegacyOperators_Fixture"></testcase><testcase name="Do_Not_Change_Legacy_Op_After_End_Comment" time="0.001" classname="LegacyOperators_Fixture"></testcase></testsuite><testsuite name="LegacyTrim_Command" time="0.003" tests="2"><testcase name="Default_Test" time="0.001" classname="LegacyTrim_Command"></testcase><testcase name="Do_not_change_Comment_trim" time="0.002" classname="LegacyTrim_Command"></testcase></testsuite><testsuite name="x_RemoveLeft_Function" time="0.009" tests="8"><testcase name="Select_Test" time="0.001" classname="x_RemoveLeft_Function"></testcase><testcase name="Do_not_change_Comment_trim" time="0.001" classname="x_RemoveLeft_Function"></testcase><testcase name="Double_Logical" time="0.001" classname="x_RemoveLeft_Function"></testcase><testcase name="RemoveTo_to" time="0.001" classname="x_RemoveLeft_Function"></testcase><testcase name="Remove_of" time="0.002" classname="x_RemoveLeft_Function"></testcase><testcase name="Remove_oApplication" time="0.001" classname="x_RemoveLeft_Function"></testcase><testcase name="Remove_Nothing" time="0.001" classname="x_RemoveLeft_Function"></testcase><testcase name="Remove_Nothing_2" time="0.001" classname="x_RemoveLeft_Function"></testcase></testsuite><testsuite name="oChangeIndicatorToIfBegin" time="0.001" tests="1"><testcase name="Change_Indicator_to_If_Begin" time="0.001" classname="oChangeIndicatorToIfBegin"></testcase></testsuite><testsuite name="oChangeIndicatorToMoveStateToVariable" time="0.006" tests="2"><testcase name="Change_Indicate_As_With_Expression" time="0.003" classname="oChangeIndicatorToMoveStateToVariable"></testcase><testcase name="Change_Indicate_As_No_Expression" time="0.003" classname="oChangeIndicatorToMoveStateToVariable"></testcase></testsuite><testsuite name="oChangeReplaceCommandToFunction" time="0.001" tests="1"><testcase name="Change_Replace_Command_To_Function" time="0.001" classname="oChangeReplaceCommandToFunction"></testcase></testsuite><testsuite name="oChangeLegacyShadow_State" time="0.006" tests="4"><testcase name="ChangeLegacyShadow_State_BaseTest" time="0.002" classname="oChangeLegacyShadow_State"></testcase><testcase name="ChangeLegacyShadow_State_GetTest" time="0.001" classname="oChangeLegacyShadow_State"></testcase><testcase name="ChangeLegacyShadow_State_SetFalse" time="0.002" classname="oChangeLegacyShadow_State"></testcase><testcase name="ChangeLegacy_Object_Shadow_State" time="0.001" classname="oChangeLegacyShadow_State"></testcase></testsuite><testsuite name="oRemoveLocalKeyWord" time="0.004" tests="3"><testcase name="RemoveLocalKeyWord_Basic" time="0.001" classname="oRemoveLocalKeyWord"></testcase><testcase name="RemoveLocalKeyWord_After_Comment_Characters" time="0.001" classname="oRemoveLocalKeyWord"></testcase><testcase name="RemoveLocalKeyWord_In_Comment" time="0.002" classname="oRemoveLocalKeyWord"></testcase></testsuite></testsuite></testsuite></testsuites>
